{
  "connected_clients": "<count>",
  "blocked_clients": "0",
  "tracking_clients": "0",
  "clients_in_timeout_table": "0",
  "mem_clients_slaves": "<mem>",
  "mem_clients_normal": "<mem>",
  "keyspace_hits": "0",
  "keyspace_misses": "0"
}
